适用于 .NET Framework MSBuild 版本 17.14.23+b0019275e
F:\ai\code\AiHelper\ShareRibbon\Controls\Services\IntentRecognitionService.vb(1031,9): warning BC42304: XML 文档分析错误: 元素缺少结束标记。 XML 注释将被忽略。 [F:\ai\code\AiHelper\ShareRibbon\ShareRibbon.vbproj]
F:\ai\code\AiHelper\ShareRibbon\Controls\Services\IntentRecognitionService.vb(1034,19): warning BC42304: XML 文档分析错误: XML 标记前应有 "<"。 XML 注释将被忽略。 [F:\ai\code\AiHelper\ShareRibbon\ShareRibbon.vbproj]
F:\ai\code\AiHelper\ShareRibbon\Controls\Services\IntentRecognitionService.vb(1034,19): warning BC42304: XML 文档分析错误: '应为“>”。 XML 注释将被忽略。 [F:\ai\code\AiHelper\ShareRibbon\ShareRibbon.vbproj]
F:\ai\code\AiHelper\ShareRibbon\Controls\BaseDeepseekChat.Designer.vb(59,26): warning BC40004: WithEvents variable“ChatBrowser”与基 class“BaseChat”中的 property“ChatBrowser”冲突，应该声明为“Shadows”。 [F:\ai\code\AiHelper\ShareRibbon\ShareRibbon.vbproj]
F:\ai\code\AiHelper\ShareRibbon\Controls\BaseDeepseekChat.vb(32,26): warning BC40003: function“InitializeWebView2”隐藏在基 class“BaseChat”中声明的可重载的成员。如果要重载基方法，则此方法必须声明为“Overloads”。 [F:\ai\code\AiHelper\ShareRibbon\ShareRibbon.vbproj]
F:\ai\code\AiHelper\ShareRibbon\Controls\BaseDeepseekChat.vb(1122,37): warning BC40005: function“GetOfficeApplicationObject”隐藏基 class“BaseChat”中的可重写方法。若要重写基方法，必须将此方法声明为“Overrides”。 [F:\ai\code\AiHelper\ShareRibbon\ShareRibbon.vbproj]
F:\ai\code\AiHelper\ShareRibbon\Controls\BaseDeepseekChat.vb(1126,21): warning BC40003: function“ContainsProcedureDeclaration”隐藏在基 class“BaseChat”中声明的可重载的成员。如果要重载基方法，则此方法必须声明为“Overloads”。 [F:\ai\code\AiHelper\ShareRibbon\ShareRibbon.vbproj]
F:\ai\code\AiHelper\ShareRibbon\Controls\BaseDeepseekChat.vb(1133,21): warning BC40003: function“FindFirstProcedureName”隐藏在基 class“BaseChat”中声明的可重载的成员。如果要重载基方法，则此方法必须声明为“Overloads”。 [F:\ai\code\AiHelper\ShareRibbon\ShareRibbon.vbproj]
F:\ai\code\AiHelper\ShareRibbon\Controls\BaseDeepseekChat.vb(1186,26): warning BC40003: sub“VBAxceptionHandle”隐藏在基 class“BaseChat”中声明的可重载的成员。如果要重载基方法，则此方法必须声明为“Overloads”。 [F:\ai\code\AiHelper\ShareRibbon\ShareRibbon.vbproj]
F:\ai\code\AiHelper\ShareRibbon\Controls\BaseDoubaoChat.Designer.vb(59,26): warning BC40004: WithEvents variable“ChatBrowser”与基 class“BaseChat”中的 property“ChatBrowser”冲突，应该声明为“Shadows”。 [F:\ai\code\AiHelper\ShareRibbon\ShareRibbon.vbproj]
F:\ai\code\AiHelper\ShareRibbon\Controls\BaseDoubaoChat.vb(35,30): warning BC40003: function“InitializeWebView2”隐藏在基 class“BaseChat”中声明的可重载的成员。如果要重载基方法，则此方法必须声明为“Overloads”。 [F:\ai\code\AiHelper\ShareRibbon\ShareRibbon.vbproj]
F:\ai\code\AiHelper\ShareRibbon\Controls\BaseDoubaoChat.vb(834,22): warning BC40003: function“ContainsProcedureDeclaration”隐藏在基 class“BaseChat”中声明的可重载的成员。如果要重载基方法，则此方法必须声明为“Overloads”。 [F:\ai\code\AiHelper\ShareRibbon\ShareRibbon.vbproj]
F:\ai\code\AiHelper\ShareRibbon\Controls\BaseDoubaoChat.vb(840,22): warning BC40003: function“FindFirstProcedureName”隐藏在基 class“BaseChat”中声明的可重载的成员。如果要重载基方法，则此方法必须声明为“Overloads”。 [F:\ai\code\AiHelper\ShareRibbon\ShareRibbon.vbproj]
F:\ai\code\AiHelper\ShareRibbon\Controls\CommandPreviewForm.vb(15,13): warning BC40004: variable“cancelButton”与基 class“Form”中的 property“cancelButton”冲突，应该声明为“Shadows”。 [F:\ai\code\AiHelper\ShareRibbon\ShareRibbon.vbproj]
F:\ai\code\AiHelper\ShareRibbon\Loop\RalphLoopController.vb(49,27): warning BC42356: 此异步方法缺少 "Await" 运算符，因此它将同步运行。请考虑使用 "Await" 运算符等待非阻止 API 调用，或使用 "Await Task.Run(...)" 利用后台线程执行占用大量 CPU 的工作。 [F:\ai\code\AiHelper\ShareRibbon\ShareRibbon.vbproj]
F:\ai\code\AiHelper\ShareRibbon\Controls\BaseChatControl.vb(182,17): warning BC42358: 由于此调用不会等待，因此在调用完成前将继续执行当前方法。请考虑对调用结果应用 Await 运算符。 [F:\ai\code\AiHelper\ShareRibbon\ShareRibbon.vbproj]
F:\ai\code\AiHelper\ShareRibbon\Controls\BaseDataCapturePane.vb(207,17): warning BC42326: Lambda 表达式将不会从此事件处理程序中移除。将 lambda 表达式赋给变量，并使用该变量添加和移除事件。 [F:\ai\code\AiHelper\ShareRibbon\ShareRibbon.vbproj]
F:\ai\code\AiHelper\ShareRibbon\Controls\BaseDataCapturePane.vb(212,17): warning BC42326: Lambda 表达式将不会从此事件处理程序中移除。将 lambda 表达式赋给变量，并使用该变量添加和移除事件。 [F:\ai\code\AiHelper\ShareRibbon\ShareRibbon.vbproj]
F:\ai\code\AiHelper\ShareRibbon\Controls\BaseChat.vb(168,21): warning BC42358: 由于此调用不会等待，因此在调用完成前将继续执行当前方法。请考虑对调用结果应用 Await 运算符。 [F:\ai\code\AiHelper\ShareRibbon\ShareRibbon.vbproj]
F:\ai\code\AiHelper\ShareRibbon\Controls\BaseChat.vb(327,42): warning BC42356: 此异步方法缺少 "Await" 运算符，因此它将同步运行。请考虑使用 "Await" 运算符等待非阻止 API 调用，或使用 "Await Task.Run(...)" 利用后台线程执行占用大量 CPU 的工作。 [F:\ai\code\AiHelper\ShareRibbon\ShareRibbon.vbproj]
F:\ai\code\AiHelper\ShareRibbon\Controls\BaseChat.vb(438,5): warning BC42353: 函数“ExecuteVBACode”不会在所有代码路径上都返回值。是否缺少“Return”语句? [F:\ai\code\AiHelper\ShareRibbon\ShareRibbon.vbproj]
F:\ai\code\AiHelper\ShareRibbon\Controls\Services\WebViewService.vb(226,13): warning BC42358: 由于此调用不会等待，因此在调用完成前将继续执行当前方法。请考虑对调用结果应用 Await 运算符。 [F:\ai\code\AiHelper\ShareRibbon\ShareRibbon.vbproj]
F:\ai\code\AiHelper\ShareRibbon\Controls\BaseChatControl.vb(358,13): warning BC42358: 由于此调用不会等待，因此在调用完成前将继续执行当前方法。请考虑对调用结果应用 Await 运算符。 [F:\ai\code\AiHelper\ShareRibbon\ShareRibbon.vbproj]
F:\ai\code\AiHelper\ShareRibbon\Controls\BaseChatControl.vb(760,13): warning BC42358: 由于此调用不会等待，因此在调用完成前将继续执行当前方法。请考虑对调用结果应用 Await 运算符。 [F:\ai\code\AiHelper\ShareRibbon\ShareRibbon.vbproj]
F:\ai\code\AiHelper\ShareRibbon\Mcp\MCPConfigForm.vb(1454,23): warning BC42356: 此异步方法缺少 "Await" 运算符，因此它将同步运行。请考虑使用 "Await" 运算符等待非阻止 API 调用，或使用 "Await Task.Run(...)" 利用后台线程执行占用大量 CPU 的工作。 [F:\ai\code\AiHelper\ShareRibbon\ShareRibbon.vbproj]
F:\ai\code\AiHelper\ShareRibbon\Controls\BaseChatControl.vb(1326,9): warning BC42358: 由于此调用不会等待，因此在调用完成前将继续执行当前方法。请考虑对调用结果应用 Await 运算符。 [F:\ai\code\AiHelper\ShareRibbon\ShareRibbon.vbproj]
F:\ai\code\AiHelper\ShareRibbon\Controls\BaseChatControl.vb(1350,48): warning BC42358: 由于此调用不会等待，因此在调用完成前将继续执行当前方法。请考虑对调用结果应用 Await 运算符。 [F:\ai\code\AiHelper\ShareRibbon\ShareRibbon.vbproj]
F:\ai\code\AiHelper\ShareRibbon\Controls\BaseChatControl.vb(1421,40): warning BC42358: 由于此调用不会等待，因此在调用完成前将继续执行当前方法。请考虑对调用结果应用 Await 运算符。 [F:\ai\code\AiHelper\ShareRibbon\ShareRibbon.vbproj]
F:\ai\code\AiHelper\ShareRibbon\Controls\BaseChatControl.vb(1431,40): warning BC42358: 由于此调用不会等待，因此在调用完成前将继续执行当前方法。请考虑对调用结果应用 Await 运算符。 [F:\ai\code\AiHelper\ShareRibbon\ShareRibbon.vbproj]
F:\ai\code\AiHelper\ShareRibbon\Controls\BaseChatControl.vb(1433,40): warning BC42358: 由于此调用不会等待，因此在调用完成前将继续执行当前方法。请考虑对调用结果应用 Await 运算符。 [F:\ai\code\AiHelper\ShareRibbon\ShareRibbon.vbproj]
F:\ai\code\AiHelper\ShareRibbon\Controls\BaseChatControl.vb(1561,34): warning BC42358: 由于此调用不会等待，因此在调用完成前将继续执行当前方法。请考虑对调用结果应用 Await 运算符。 [F:\ai\code\AiHelper\ShareRibbon\ShareRibbon.vbproj]
F:\ai\code\AiHelper\ShareRibbon\Controls\BaseChatControl.vb(1611,17): warning BC42358: 由于此调用不会等待，因此在调用完成前将继续执行当前方法。请考虑对调用结果应用 Await 运算符。 [F:\ai\code\AiHelper\ShareRibbon\ShareRibbon.vbproj]
F:\ai\code\AiHelper\ShareRibbon\Controls\BaseChatControl.vb(1642,13): warning BC42358: 由于此调用不会等待，因此在调用完成前将继续执行当前方法。请考虑对调用结果应用 Await 运算符。 [F:\ai\code\AiHelper\ShareRibbon\ShareRibbon.vbproj]
F:\ai\code\AiHelper\ShareRibbon\Controls\BaseChatControl.vb(1667,13): warning BC42358: 由于此调用不会等待，因此在调用完成前将继续执行当前方法。请考虑对调用结果应用 Await 运算符。 [F:\ai\code\AiHelper\ShareRibbon\ShareRibbon.vbproj]
F:\ai\code\AiHelper\ShareRibbon\Controls\BaseChatControl.vb(1694,17): warning BC42358: 由于此调用不会等待，因此在调用完成前将继续执行当前方法。请考虑对调用结果应用 Await 运算符。 [F:\ai\code\AiHelper\ShareRibbon\ShareRibbon.vbproj]
F:\ai\code\AiHelper\ShareRibbon\Controls\BaseChatControl.vb(1711,17): warning BC42358: 由于此调用不会等待，因此在调用完成前将继续执行当前方法。请考虑对调用结果应用 Await 运算符。 [F:\ai\code\AiHelper\ShareRibbon\ShareRibbon.vbproj]
F:\ai\code\AiHelper\ShareRibbon\Controls\BaseChatControl.vb(1717,13): warning BC42358: 由于此调用不会等待，因此在调用完成前将继续执行当前方法。请考虑对调用结果应用 Await 运算符。 [F:\ai\code\AiHelper\ShareRibbon\ShareRibbon.vbproj]
F:\ai\code\AiHelper\ShareRibbon\Controls\BaseChatControl.vb(1718,13): warning BC42358: 由于此调用不会等待，因此在调用完成前将继续执行当前方法。请考虑对调用结果应用 Await 运算符。 [F:\ai\code\AiHelper\ShareRibbon\ShareRibbon.vbproj]
F:\ai\code\AiHelper\ShareRibbon\Controls\BaseChatControl.vb(1745,13): warning BC42358: 由于此调用不会等待，因此在调用完成前将继续执行当前方法。请考虑对调用结果应用 Await 运算符。 [F:\ai\code\AiHelper\ShareRibbon\ShareRibbon.vbproj]
F:\ai\code\AiHelper\ShareRibbon\Controls\BaseChatControl.vb(1769,25): warning BC42358: 由于此调用不会等待，因此在调用完成前将继续执行当前方法。请考虑对调用结果应用 Await 运算符。 [F:\ai\code\AiHelper\ShareRibbon\ShareRibbon.vbproj]
F:\ai\code\AiHelper\ShareRibbon\Controls\BaseChatControl.vb(1774,21): warning BC42358: 由于此调用不会等待，因此在调用完成前将继续执行当前方法。请考虑对调用结果应用 Await 运算符。 [F:\ai\code\AiHelper\ShareRibbon\ShareRibbon.vbproj]
F:\ai\code\AiHelper\ShareRibbon\Controls\BaseChatControl.vb(1786,17): warning BC42358: 由于此调用不会等待，因此在调用完成前将继续执行当前方法。请考虑对调用结果应用 Await 运算符。 [F:\ai\code\AiHelper\ShareRibbon\ShareRibbon.vbproj]
F:\ai\code\AiHelper\ShareRibbon\Controls\BaseChatControl.vb(1792,25): warning BC42358: 由于此调用不会等待，因此在调用完成前将继续执行当前方法。请考虑对调用结果应用 Await 运算符。 [F:\ai\code\AiHelper\ShareRibbon\ShareRibbon.vbproj]
F:\ai\code\AiHelper\ShareRibbon\Controls\BaseChatControl.vb(1795,25): warning BC42358: 由于此调用不会等待，因此在调用完成前将继续执行当前方法。请考虑对调用结果应用 Await 运算符。 [F:\ai\code\AiHelper\ShareRibbon\ShareRibbon.vbproj]
F:\ai\code\AiHelper\ShareRibbon\Controls\BaseChatControl.vb(1842,57): warning BC42358: 由于此调用不会等待，因此在调用完成前将继续执行当前方法。请考虑对调用结果应用 Await 运算符。 [F:\ai\code\AiHelper\ShareRibbon\ShareRibbon.vbproj]
F:\ai\code\AiHelper\ShareRibbon\Controls\BaseChatControl.vb(1846,55): warning BC42358: 由于此调用不会等待，因此在调用完成前将继续执行当前方法。请考虑对调用结果应用 Await 运算符。 [F:\ai\code\AiHelper\ShareRibbon\ShareRibbon.vbproj]
F:\ai\code\AiHelper\ShareRibbon\Controls\BaseChatControl.vb(1851,57): warning BC42358: 由于此调用不会等待，因此在调用完成前将继续执行当前方法。请考虑对调用结果应用 Await 运算符。 [F:\ai\code\AiHelper\ShareRibbon\ShareRibbon.vbproj]
F:\ai\code\AiHelper\ShareRibbon\Controls\BaseChatControl.vb(1855,58): warning BC42358: 由于此调用不会等待，因此在调用完成前将继续执行当前方法。请考虑对调用结果应用 Await 运算符。 [F:\ai\code\AiHelper\ShareRibbon\ShareRibbon.vbproj]
F:\ai\code\AiHelper\ShareRibbon\Controls\BaseChatControl.vb(1927,13): warning BC42358: 由于此调用不会等待，因此在调用完成前将继续执行当前方法。请考虑对调用结果应用 Await 运算符。 [F:\ai\code\AiHelper\ShareRibbon\ShareRibbon.vbproj]
F:\ai\code\AiHelper\ShareRibbon\Controls\BaseChatControl.vb(2060,21): warning BC42358: 由于此调用不会等待，因此在调用完成前将继续执行当前方法。请考虑对调用结果应用 Await 运算符。 [F:\ai\code\AiHelper\ShareRibbon\ShareRibbon.vbproj]
F:\ai\code\AiHelper\ShareRibbon\Controls\BaseChatControl.vb(2116,13): warning BC42358: 由于此调用不会等待，因此在调用完成前将继续执行当前方法。请考虑对调用结果应用 Await 运算符。 [F:\ai\code\AiHelper\ShareRibbon\ShareRibbon.vbproj]
F:\ai\code\AiHelper\ShareRibbon\Controls\BaseChatControl.vb(2131,13): warning BC42358: 由于此调用不会等待，因此在调用完成前将继续执行当前方法。请考虑对调用结果应用 Await 运算符。 [F:\ai\code\AiHelper\ShareRibbon\ShareRibbon.vbproj]
F:\ai\code\AiHelper\ShareRibbon\Controls\BaseChatControl.vb(2182,13): warning BC42358: 由于此调用不会等待，因此在调用完成前将继续执行当前方法。请考虑对调用结果应用 Await 运算符。 [F:\ai\code\AiHelper\ShareRibbon\ShareRibbon.vbproj]
F:\ai\code\AiHelper\ShareRibbon\Controls\BaseChatControl.vb(2575,13): warning BC42358: 由于此调用不会等待，因此在调用完成前将继续执行当前方法。请考虑对调用结果应用 Await 运算符。 [F:\ai\code\AiHelper\ShareRibbon\ShareRibbon.vbproj]
F:\ai\code\AiHelper\ShareRibbon\Controls\BaseChatControl.vb(2592,13): warning BC42358: 由于此调用不会等待，因此在调用完成前将继续执行当前方法。请考虑对调用结果应用 Await 运算符。 [F:\ai\code\AiHelper\ShareRibbon\ShareRibbon.vbproj]
F:\ai\code\AiHelper\ShareRibbon\Controls\BaseChatControl.vb(2625,13): warning BC42358: 由于此调用不会等待，因此在调用完成前将继续执行当前方法。请考虑对调用结果应用 Await 运算符。 [F:\ai\code\AiHelper\ShareRibbon\ShareRibbon.vbproj]
F:\ai\code\AiHelper\ShareRibbon\Controls\BaseChatControl.vb(2730,17): warning BC42358: 由于此调用不会等待，因此在调用完成前将继续执行当前方法。请考虑对调用结果应用 Await 运算符。 [F:\ai\code\AiHelper\ShareRibbon\ShareRibbon.vbproj]
F:\ai\code\AiHelper\ShareRibbon\Controls\BaseChatControl.vb(2737,17): warning BC42358: 由于此调用不会等待，因此在调用完成前将继续执行当前方法。请考虑对调用结果应用 Await 运算符。 [F:\ai\code\AiHelper\ShareRibbon\ShareRibbon.vbproj]
F:\ai\code\AiHelper\ShareRibbon\Controls\BaseChatControl.vb(2837,13): warning BC42358: 由于此调用不会等待，因此在调用完成前将继续执行当前方法。请考虑对调用结果应用 Await 运算符。 [F:\ai\code\AiHelper\ShareRibbon\ShareRibbon.vbproj]
F:\ai\code\AiHelper\ShareRibbon\Controls\BaseChatControl.vb(2843,13): warning BC42358: 由于此调用不会等待，因此在调用完成前将继续执行当前方法。请考虑对调用结果应用 Await 运算符。 [F:\ai\code\AiHelper\ShareRibbon\ShareRibbon.vbproj]
F:\ai\code\AiHelper\ShareRibbon\Controls\BaseChatControl.vb(2849,13): warning BC42358: 由于此调用不会等待，因此在调用完成前将继续执行当前方法。请考虑对调用结果应用 Await 运算符。 [F:\ai\code\AiHelper\ShareRibbon\ShareRibbon.vbproj]
F:\ai\code\AiHelper\ShareRibbon\Controls\BaseChatControl.vb(3324,13): warning BC42358: 由于此调用不会等待，因此在调用完成前将继续执行当前方法。请考虑对调用结果应用 Await 运算符。 [F:\ai\code\AiHelper\ShareRibbon\ShareRibbon.vbproj]
F:\ai\code\AiHelper\ShareRibbon\Controls\BaseChatControl.vb(3334,13): warning BC42358: 由于此调用不会等待，因此在调用完成前将继续执行当前方法。请考虑对调用结果应用 Await 运算符。 [F:\ai\code\AiHelper\ShareRibbon\ShareRibbon.vbproj]
F:\ai\code\AiHelper\ShareRibbon\Controls\BaseChatControl.vb(3339,13): warning BC42358: 由于此调用不会等待，因此在调用完成前将继续执行当前方法。请考虑对调用结果应用 Await 运算符。 [F:\ai\code\AiHelper\ShareRibbon\ShareRibbon.vbproj]
F:\ai\code\AiHelper\ShareRibbon\Controls\BaseChatControl.vb(3340,13): warning BC42358: 由于此调用不会等待，因此在调用完成前将继续执行当前方法。请考虑对调用结果应用 Await 运算符。 [F:\ai\code\AiHelper\ShareRibbon\ShareRibbon.vbproj]
F:\ai\code\AiHelper\ShareRibbon\Controls\BaseChatControl.vb(3347,17): warning BC42358: 由于此调用不会等待，因此在调用完成前将继续执行当前方法。请考虑对调用结果应用 Await 运算符。 [F:\ai\code\AiHelper\ShareRibbon\ShareRibbon.vbproj]
F:\ai\code\AiHelper\WordAi\ChatControl.Designer.vb(20,13): warning BC40004: variable“components”与基 class“BaseChatControl”中的 variable“components”冲突，应该声明为“Shadows”。 [F:\ai\code\AiHelper\WordAi\WordAi.vbproj]
F:\ai\code\AiHelper\WordAi\ChatControl.Designer.vb(26,17): warning BC40003: sub“InitializeComponent”隐藏在基 class“BaseChatControl”中声明的可重载的成员。如果要重载基方法，则此方法必须声明为“Overloads”。 [F:\ai\code\AiHelper\WordAi\WordAi.vbproj]
F:\ai\code\AiHelper\WordAi\ChatControl.vb(12,9): warning BC40056: Imports“System.Text.JSON”中指定的命名空间或类型不包含任何公共成员，或者找不到该命名空间或类型。确保定义了该命名空间或类型且其中至少包含一个公共成员。确保导入的元素名不使用任何别名。 [F:\ai\code\AiHelper\WordAi\WordAi.vbproj]
F:\ai\code\AiHelper\WordAi\ChatControl.vb(17,9): warning BC40056: Imports“System.Web.UI.WebControls”中指定的命名空间或类型不包含任何公共成员，或者找不到该命名空间或类型。确保定义了该命名空间或类型且其中至少包含一个公共成员。确保导入的元素名不使用任何别名。 [F:\ai\code\AiHelper\WordAi\WordAi.vbproj]
F:\ai\code\AiHelper\WordAi\ChatControl.vb(21,9): warning BC40056: Imports“Markdig”中指定的命名空间或类型不包含任何公共成员，或者找不到该命名空间或类型。确保定义了该命名空间或类型且其中至少包含一个公共成员。确保导入的元素名不使用任何别名。 [F:\ai\code\AiHelper\WordAi\WordAi.vbproj]
F:\ai\code\AiHelper\WordAi\ChatControl.vb(28,9): warning BC40056: Imports“HtmlToOpenXml”中指定的命名空间或类型不包含任何公共成员，或者找不到该命名空间或类型。确保定义了该命名空间或类型且其中至少包含一个公共成员。确保导入的元素名不使用任何别名。 [F:\ai\code\AiHelper\WordAi\WordAi.vbproj]
F:\ai\code\AiHelper\WordAi\WebDataCapturePane.Designer.vb(18,13): warning BC40004: variable“components”与基 class“BaseDataCapturePane”中的 variable“components”冲突，应该声明为“Shadows”。 [F:\ai\code\AiHelper\WordAi\WordAi.vbproj]
F:\ai\code\AiHelper\WordAi\WebDataCapturePane.Designer.vb(24,17): warning BC40003: sub“InitializeComponent”隐藏在基 class“BaseDataCapturePane”中声明的可重载的成员。如果要重载基方法，则此方法必须声明为“Overloads”。 [F:\ai\code\AiHelper\WordAi\WordAi.vbproj]
F:\ai\code\AiHelper\WordAi\WordTranslateService.vb(4,9): warning BC40056: Imports“ShareRibbon.Controls”中指定的命名空间或类型不包含任何公共成员，或者找不到该命名空间或类型。确保定义了该命名空间或类型且其中至少包含一个公共成员。确保导入的元素名不使用任何别名。 [F:\ai\code\AiHelper\WordAi\WordAi.vbproj]
F:\ai\code\AiHelper\WordAi\WordCompletionManager.vb(7,9): warning BC40056: Imports“WordAi.Services”中指定的命名空间或类型不包含任何公共成员，或者找不到该命名空间或类型。确保定义了该命名空间或类型且其中至少包含一个公共成员。确保导入的元素名不使用任何别名。 [F:\ai\code\AiHelper\WordAi\WordAi.vbproj]
F:\ai\code\AiHelper\WordAi\WebDataCapturePane.vb(41,9): warning BC42025: 通过实例访问共享成员、常量成员、枚举成员或嵌套类型；将不计算限定表达式。 [F:\ai\code\AiHelper\WordAi\WordAi.vbproj]
F:\ai\code\AiHelper\WordAi\ThisAddIn.vb(208,22): warning BC42356: 此异步方法缺少 "Await" 运算符，因此它将同步运行。请考虑使用 "Await" 运算符等待非阻止 API 调用，或使用 "Await Task.Run(...)" 利用后台线程执行占用大量 CPU 的工作。 [F:\ai\code\AiHelper\WordAi\WordAi.vbproj]
F:\ai\code\AiHelper\WordAi\ThisAddIn.vb(212,22): warning BC42356: 此异步方法缺少 "Await" 运算符，因此它将同步运行。请考虑使用 "Await" 运算符等待非阻止 API 调用，或使用 "Await Task.Run(...)" 利用后台线程执行占用大量 CPU 的工作。 [F:\ai\code\AiHelper\WordAi\WordAi.vbproj]
F:\ai\code\AiHelper\WordAi\Ribbon1.vb(17,35): warning BC42356: 此异步方法缺少 "Await" 运算符，因此它将同步运行。请考虑使用 "Await" 运算符等待非阻止 API 调用，或使用 "Await Task.Run(...)" 利用后台线程执行占用大量 CPU 的工作。 [F:\ai\code\AiHelper\WordAi\WordAi.vbproj]
F:\ai\code\AiHelper\WordAi\Ribbon1.vb(20,35): warning BC42356: 此异步方法缺少 "Await" 运算符，因此它将同步运行。请考虑使用 "Await" 运算符等待非阻止 API 调用，或使用 "Await Task.Run(...)" 利用后台线程执行占用大量 CPU 的工作。 [F:\ai\code\AiHelper\WordAi\WordAi.vbproj]
F:\ai\code\AiHelper\WordAi\Ribbon1.vb(99,28): warning BC42025: 通过实例访问共享成员、常量成员、枚举成员或嵌套类型；将不计算限定表达式。 [F:\ai\code\AiHelper\WordAi\WordAi.vbproj]
F:\ai\code\AiHelper\WordAi\Ribbon1.vb(154,28): warning BC42025: 通过实例访问共享成员、常量成员、枚举成员或嵌套类型；将不计算限定表达式。 [F:\ai\code\AiHelper\WordAi\WordAi.vbproj]
F:\ai\code\AiHelper\WordAi\Ribbon1.vb(223,32): warning BC42025: 通过实例访问共享成员、常量成员、枚举成员或嵌套类型；将不计算限定表达式。 [F:\ai\code\AiHelper\WordAi\WordAi.vbproj]
F:\ai\code\AiHelper\WordAi\Ribbon1.vb(259,28): warning BC42025: 通过实例访问共享成员、常量成员、枚举成员或嵌套类型；将不计算限定表达式。 [F:\ai\code\AiHelper\WordAi\WordAi.vbproj]
F:\ai\code\AiHelper\WordAi\Ribbon1.vb(330,32): warning BC42025: 通过实例访问共享成员、常量成员、枚举成员或嵌套类型；将不计算限定表达式。 [F:\ai\code\AiHelper\WordAi\WordAi.vbproj]
F:\ai\code\AiHelper\WordAi\WebDataCapturePane.vb(14,16): warning BC40054: '设计器生成的类型“WebDataCapturePane”中的“Public Sub New()”应调用 InitializeComponent 方法。 [F:\ai\code\AiHelper\WordAi\WordAi.vbproj]
